Executing (default): SELECT 1+1 AS result
Database connected successfully.
Executing (default): SELECT name FROM sqlite_master WHERE type='table' AND name='users';
Executing (default): PRAGMA INDEX_LIST(`users`)
Executing (default): PRAGMA INDEX_INFO(`sqlite_autoindex_users_1`)
Executing (default): SELECT name FROM sqlite_master WHERE type='table' AND name='students';
Executing (default): PRAGMA INDEX_LIST(`students`)
Executing (default): PRAGMA INDEX_INFO(`sqlite_autoindex_students_1`)
Executing (default): SELECT name FROM sqlite_master WHERE type='table' AND name='employers';
Executing (default): PRAGMA INDEX_LIST(`employers`)
Executing (default): PRAGMA INDEX_INFO(`sqlite_autoindex_employers_1`)
Executing (default): SELECT name FROM sqlite_master WHERE type='table' AND name='timetables';
Executing (default): PRAGMA INDEX_LIST(`timetables`)
Executing (default): SELECT name FROM sqlite_master WHERE type='table' AND name='skills';
Executing (default): PRAGMA INDEX_LIST(`skills`)
Executing (default): PRAGMA INDEX_INFO(`sqlite_autoindex_skills_1`)
Executing (default): SELECT name FROM sqlite_master WHERE type='table' AND name='user_skills';
Executing (default): PRAGMA INDEX_LIST(`user_skills`)
Executing (default): SELECT name FROM sqlite_master WHERE type='table' AND name='jobs';
Executing (default): PRAGMA INDEX_LIST(`jobs`)
Executing (default): SELECT name FROM sqlite_master WHERE type='table' AND name='applications';
Executing (default): PRAGMA INDEX_LIST(`applications`)
Executing (default): SELECT name FROM sqlite_master WHERE type='table' AND name='reports';
Executing (default): PRAGMA INDEX_LIST(`reports`)
Executing (default): SELECT name FROM sqlite_master WHERE type='table' AND name='reviews';
Executing (default): PRAGMA INDEX_LIST(`reviews`)
Executing (default): SELECT name FROM sqlite_master WHERE type='table' AND name='notifications';
Executing (default): PRAGMA INDEX_LIST(`notifications`)
Executing (default): SELECT name FROM sqlite_master WHERE type='table' AND name='saved_jobs';
Executing (default): PRAGMA INDEX_LIST(`saved_jobs`)
Executing (default): SELECT name FROM sqlite_master WHERE type='table' AND name='contact_messages';
Executing (default): PRAGMA INDEX_LIST(`contact_messages`)
Database synced.
Server running on port 5000
Environment: development
Executing (default): SELECT `id`, `name`, `email`, `role`, `phone`, `profile_picture`, `is_verified`, `is_active`, `verification_token`, `reset_token`, `reset_token_expire`, `last_login`, `created_at` AS `createdAt`, `updated_at` AS `updatedAt`, `deleted_at` AS `deletedAt` FROM `users` AS `User` WHERE (`User`.`deleted_at` IS NULL AND `User`.`id` = 6);
Executing (default): SELECT count(*) AS `count` FROM `students` AS `Student` WHERE (`Student`.`deleted_at` IS NULL);
Executing (default): SELECT count(*) AS `count` FROM `employers` AS `Employer` WHERE (`Employer`.`deleted_at` IS NULL);
Executing (default): SELECT count(*) AS `count` FROM `jobs` AS `Job` WHERE (`Job`.`deleted_at` IS NULL);
Executing (default): SELECT count(*) AS `count` FROM `applications` AS `Application` WHERE (`Application`.`deleted_at` IS NULL);
Executing (default): SELECT strftime('%Y-%m', `createdAt`) AS `month`, COUNT(`id`) AS `count` FROM `users` AS `User` WHERE (`User`.`deleted_at` IS NULL AND `User`.`created_at` >= '2026-01-29 19:40:14.290 +00:00') GROUP BY strftime('%Y-%m', `createdAt`) ORDER BY strftime('%Y-%m', `createdAt`) ASC;
[0mGET /api/admin/dashboard [31m500[0m 29.135 ms - 69[0m
Executing (default): SELECT `id`, `name`, `email`, `role`, `phone`, `profile_picture`, `is_verified`, `is_active`, `verification_token`, `reset_token`, `reset_token_expire`, `last_login`, `created_at` AS `createdAt`, `updated_at` AS `updatedAt`, `deleted_at` AS `deletedAt` FROM `users` AS `User` WHERE (`User`.`deleted_at` IS NULL AND `User`.`id` = 6);
Executing (default): SELECT count(DISTINCT(`Student`.`id`)) AS `count` FROM `students` AS `Student` LEFT OUTER JOIN `users` AS `user` ON `Student`.`user_id` = `user`.`id` AND (`user`.`deleted_at` IS NULL) WHERE `Student`.`deleted_at` IS NULL;
Executing (default): SELECT `Student`.`id`, `Student`.`user_id`, `Student`.`nic`, `Student`.`permanent_address`, `Student`.`current_address`, `Student`.`university`, `Student`.`degree`, `Student`.`year_of_study`, `Student`.`date_of_birth`, `Student`.`address`, `Student`.`latitude`, `Student`.`longitude`, `Student`.`cv_file`, `Student`.`bio`, `Student`.`preferred_salary_min`, `Student`.`preferred_salary_max`, `Student`.`preferred_location`, `Student`.`profile_setup_complete`, `Student`.`created_at` AS `createdAt`, `Student`.`updated_at` AS `updatedAt`, `Student`.`deleted_at` AS `deletedAt`, `user`.`id` AS `user.id`, `user`.`name` AS `user.name`, `user`.`email` AS `user.email`, `user`.`role` AS `user.role`, `user`.`phone` AS `user.phone`, `user`.`profile_picture` AS `user.profile_picture`, `user`.`is_verified` AS `user.is_verified`, `user`.`is_active` AS `user.is_active`, `user`.`last_login` AS `user.last_login`, `user`.`created_at` AS `user.createdAt`, `user`.`updated_at` AS `user.updatedAt`, `user`.`deleted_at` AS `user.deletedAt` FROM `students` AS `Student` LEFT OUTER JOIN `users` AS `user` ON `Student`.`user_id` = `user`.`id` AND (`user`.`deleted_at` IS NULL) WHERE `Student`.`deleted_at` IS NULL ORDER BY `createdAt` DESC LIMIT 0, 3;
[0mGET /api/admin/students?limit=3 [32m200[0m 20.172 ms - 2442[0m
